*.log
bd.text